// Jest Snapshot v1, https://goo.gl/fbAQLP

exports[`renders correctly 1`] = `
<View
  collapsable={true}
  pointerEvents="box-none"
  style={
    Object {
      "flex": 1,
    }
  }
>
  <View
    style={
      Object {
        "flex": 1,
      }
    }
  >
    <RNCSafeAreaProvider
      style={
        Array [
          Object {
            "flex": 1,
          },
          undefined,
        ]
      }
    >
      <View
        pointerEvents="box-none"
        style={
          Array [
            Object {
              "zIndex": 1,
            },
            false,
          ]
        }
      >
        <View
          accessibilityElementsHidden={false}
          importantForAccessibility="auto"
          pointerEvents="box-none"
          style={null}
        >
          <View
            pointerEvents="box-none"
            style={
              Object {
                "bottom": 0,
                "left": 0,
                "opacity": 1,
                "position": "absolute",
                "right": 0,
                "top": 0,
                "zIndex": 0,
              }
            }
          >
            <View
              style={
                Object {
                  "backgroundColor": "rgb(255, 255, 255)",
                  "borderBottomColor": "rgb(216, 216, 216)",
                  "flex": 1,
                  "shadowColor": "rgb(216, 216, 216)",
                  "shadowOffset": Object {
                    "height": 0.5,
                    "width": 0,
                  },
                  "shadowOpacity": 0.85,
                  "shadowRadius": 0,
                }
              }
            />
          </View>
          <View
            pointerEvents="box-none"
            style={
              Object {
                "height": 64,
                "maxHeight": undefined,
                "minHeight": undefined,
                "opacity": undefined,
                "transform": undefined,
              }
            }
          >
            <View
              pointerEvents="none"
              style={
                Object {
                  "height": 20,
                }
              }
            />
            <View
              pointerEvents="box-none"
              style={
                Object {
                  "alignItems": "center",
                  "flex": 1,
                  "flexDirection": "row",
                  "justifyContent": "center",
                }
              }
            >
              <View
                pointerEvents="box-none"
                style={
                  Object {
                    "marginHorizontal": 16,
                    "opacity": 1,
                  }
                }
              >
                <Text
                  accessibilityRole="header"
                  numberOfLines={1}
                  style={
                    Object {
                      "color": "rgb(28, 28, 30)",
                      "fontSize": 17,
                      "fontWeight": "600",
                    }
                  }
                >
                  a
                </Text>
              </View>
            </View>
          </View>
        </View>
      </View>
      <View
        style={
          Object {
            "flex": 1,
          }
        }
      >
        <View
          pointerEvents="box-none"
          style={
            Object {
              "bottom": 0,
              "left": 0,
              "position": "absolute",
              "right": 0,
              "top": 0,
            }
          }
        >
          <View
            collapsable={false}
            style={
              Object {
                "opacity": 1,
              }
            }
          />
          <View
            accessibilityElementsHidden={false}
            closing={false}
            gestureVelocityImpact={0.3}
            importantForAccessibility="auto"
            pointerEvents="box-none"
            style={
              Object {
                "bottom": 0,
                "left": 0,
                "position": "absolute",
                "right": 0,
                "top": 0,
              }
            }
            transitionSpec={
              Object {
                "close": Object {
                  "animation": "spring",
                  "config": Object {
                    "damping": 500,
                    "mass": 3,
                    "overshootClamping": true,
                    "restDisplacementThreshold": 10,
                    "restSpeedThreshold": 10,
                    "stiffness": 1000,
                  },
                },
                "open": Object {
                  "animation": "spring",
                  "config": Object {
                    "damping": 500,
                    "mass": 3,
                    "overshootClamping": true,
                    "restDisplacementThreshold": 10,
                    "restSpeedThreshold": 10,
                    "stiffness": 1000,
                  },
                },
              }
            }
          >
            <View
              pointerEvents="box-none"
              style={
                Object {
                  "flex": 1,
                }
              }
            >
              <View
                collapsable={false}
                style={
                  Object {
                    "flex": 1,
                    "transform": Array [
                      Object {
                        "translateX": 0,
                      },
                      Object {
                        "translateX": 0,
                      },
                    ],
                  }
                }
              >
                <View
                  pointerEvents="none"
                  style={
                    Object {
                      "backgroundColor": "rgb(242, 242, 242)",
                      "bottom": 0,
                      "left": 0,
                      "position": "absolute",
                      "shadowColor": "#000",
                      "shadowOffset": Object {
                        "height": 1,
                        "width": -1,
                      },
                      "shadowOpacity": 0.3,
                      "shadowRadius": 5,
                      "top": 0,
                      "width": 3,
                    }
                  }
                />
                <View
                  style={
                    Array [
                      Object {
                        "flex": 1,
                        "overflow": "hidden",
                      },
                      Array [
                        Object {
                          "backgroundColor": "rgb(242, 242, 242)",
                        },
                        undefined,
                      ],
                    ]
                  }
                >
                  <View
                    style={
                      Object {
                        "flex": 1,
                        "flexDirection": "column-reverse",
                      }
                    }
                  >
                    <View
                      style={
                        Object {
                          "flex": 1,
                        }
                      }
                    >
                      <View
                        style={
                          Object {
                            "flex": 1,
                          }
                        }
                      >
                        <View
                          pointerEvents="box-none"
                          style={
                            Array [
                              Object {
                                "zIndex": 1,
                              },
                              false,
                            ]
                          }
                        >
                          <View
                            accessibilityElementsHidden={false}
                            importantForAccessibility="auto"
                            pointerEvents="box-none"
                            style={null}
                          >
                            <View
                              pointerEvents="box-none"
                              style={
                                Object {
                                  "bottom": 0,
                                  "left": 0,
                                  "position": "absolute",
                                  "right": 0,
                                  "top": 0,
                                  "transform": Array [
                                    Object {
                                      "translateX": 0,
                                    },
                                  ],
                                  "zIndex": 0,
                                }
                              }
                            >
                              <View
                                style={
                                  Object {
                                    "backgroundColor": "#bc6610",
                                    "borderBottomColor": "rgb(216, 216, 216)",
                                    "flex": 1,
                                    "shadowColor": "rgb(216, 216, 216)",
                                    "shadowOffset": Object {
                                      "height": 0.5,
                                      "width": 0,
                                    },
                                    "shadowOpacity": 0.85,
                                    "shadowRadius": 0,
                                  }
                                }
                              />
                            </View>
                            <View
                              pointerEvents="box-none"
                              style={
                                Object {
                                  "height": 64,
                                  "maxHeight": undefined,
                                  "minHeight": undefined,
                                  "opacity": undefined,
                                  "transform": undefined,
                                }
                              }
                            >
                              <View
                                pointerEvents="none"
                                style={
                                  Object {
                                    "height": 20,
                                  }
                                }
                              />
                              <View
                                pointerEvents="box-none"
                                style={
                                  Object {
                                    "alignItems": "center",
                                    "flex": 1,
                                    "flexDirection": "row",
                                    "justifyContent": "center",
                                  }
                                }
                              >
                                <View
                                  pointerEvents="box-none"
                                  style={
                                    Object {
                                      "marginHorizontal": 16,
                                      "transform": Array [
                                        Object {
                                          "translateX": 0,
                                        },
                                      ],
                                    }
                                  }
                                >
                                  <Text
                                    accessibilityRole="header"
                                    numberOfLines={1}
                                    style={
                                      Object {
                                        "color": "#e5eaea",
                                        "fontSize": 17,
                                        "fontWeight": "600",
                                      }
                                    }
                                  >
                                    Receive
                                  </Text>
                                </View>
                              </View>
                            </View>
                          </View>
                        </View>
                        <View
                          style={
                            Object {
                              "flex": 1,
                            }
                          }
                        >
                          <View
                            pointerEvents="box-none"
                            style={
                              Object {
                                "bottom": 0,
                                "left": 0,
                                "position": "absolute",
                                "right": 0,
                                "top": 0,
                              }
                            }
                          >
                            <View
                              collapsable={false}
                              style={
                                Object {
                                  "opacity": 1,
                                }
                              }
                            />
                            <View
                              accessibilityElementsHidden={false}
                              closing={false}
                              gestureVelocityImpact={0.3}
                              importantForAccessibility="auto"
                              pointerEvents="box-none"
                              style={
                                Object {
                                  "bottom": 0,
                                  "left": 0,
                                  "position": "absolute",
                                  "right": 0,
                                  "top": 0,
                                }
                              }
                              transitionSpec={
                                Object {
                                  "close": Object {
                                    "animation": "spring",
                                    "config": Object {
                                      "damping": 500,
                                      "mass": 3,
                                      "overshootClamping": true,
                                      "restDisplacementThreshold": 10,
                                      "restSpeedThreshold": 10,
                                      "stiffness": 1000,
                                    },
                                  },
                                  "open": Object {
                                    "animation": "spring",
                                    "config": Object {
                                      "damping": 500,
                                      "mass": 3,
                                      "overshootClamping": true,
                                      "restDisplacementThreshold": 10,
                                      "restSpeedThreshold": 10,
                                      "stiffness": 1000,
                                    },
                                  },
                                }
                              }
                            >
                              <View
                                pointerEvents="box-none"
                                style={
                                  Object {
                                    "flex": 1,
                                  }
                                }
                              >
                                <View
                                  collapsable={false}
                                  style={
                                    Object {
                                      "flex": 1,
                                    }
                                  }
                                >
                                  <View
                                    style={
                                      Array [
                                        Object {
                                          "flex": 1,
                                          "overflow": "hidden",
                                        },
                                        Array [
                                          Object {
                                            "backgroundColor": "rgb(242, 242, 242)",
                                          },
                                          Object {
                                            "backgroundColor": "transparent",
                                          },
                                        ],
                                      ]
                                    }
                                  >
                                    <View
                                      style={
                                        Object {
                                          "flex": 1,
                                          "flexDirection": "column-reverse",
                                        }
                                      }
                                    >
                                      <View
                                        style={
                                          Object {
                                            "flex": 1,
                                          }
                                        }
                                      >
                                        <View
                                          style={
                                            Object {
                                              "backgroundColor": "#fff",
                                              "flex": 1,
                                              "height": 1334,
                                            }
                                          }
                                        >
                                          <View
                                            style={
                                              Array [
                                                Object {},
                                                Object {
                                                  "display": "flex",
                                                  "flex": 1,
                                                  "height": "100%",
                                                  "justifyContent": "space-between",
                                                  "padding": 16,
                                                },
                                                undefined,
                                              ]
                                            }
                                          >
                                            <View
                                              style={
                                                Array [
                                                  Object {},
                                                  Object {},
                                                ]
                                              }
                                            >
                                              <TouchableOpacity
                                                activeOpacity={1}
                                                style={
                                                  Object {
                                                    "alignItems": "center",
                                                    "backgroundColor": "transparent",
                                                    "borderBottomWidth": 1,
                                                    "borderColor": "#D9D5DC",
                                                    "borderLeftWidth": 0,
                                                    "borderRadius": undefined,
                                                    "borderRightWidth": 0,
                                                    "borderTopWidth": 0,
                                                    "borderWidth": undefined,
                                                    "flexDirection": "row",
                                                    "marginLeft": 2,
                                                    "marginTop": 8,
                                                  }
                                                }
                                              >
                                                <Text
                                                  style={
                                                    Array [
                                                      Object {
                                                        "color": "#575757",
                                                        "fontSize": 17,
                                                        "paddingRight": 5,
                                                      },
                                                      Object {
                                                        "fontSize": 17,
                                                        "width": 105,
                                                      },
                                                    ]
                                                  }
                                                >
                                                  Amount ₿
                                                </Text>
                                                <TextInput
                                                  allowFontScaling={true}
                                                  editable={true}
                                                  keyboardType="numeric"
                                                  placeholder="0"
                                                  placeholderTextColor="#575757"
                                                  rejectResponderTermination={true}
                                                  style={
                                                    Object {
                                                      "color": "#000",
                                                      "flex": 1,
                                                      "fontSize": 17,
                                                      "height": 50,
                                                      "paddingLeft": 5,
                                                      "paddingRight": 5,
                                                      "top": 1.5,
                                                    }
                                                  }
                                                  testID="input-amount-sat"
                                                  underlineColorAndroid="rgba(0,0,0,0)"
                                                />
                                              </TouchableOpacity>
                                              <TouchableOpacity
                                                activeOpacity={1}
                                                style={
                                                  Object {
                                                    "alignItems": "center",
                                                    "backgroundColor": "transparent",
                                                    "borderBottomWidth": 1,
                                                    "borderColor": "#D9D5DC",
                                                    "borderLeftWidth": 0,
                                                    "borderRadius": undefined,
                                                    "borderRightWidth": 0,
                                                    "borderTopWidth": 0,
                                                    "borderWidth": undefined,
                                                    "flexDirection": "row",
                                                    "marginLeft": 2,
                                                    "marginTop": 16,
                                                  }
                                                }
                                              >
                                                <Text
                                                  style={
                                                    Array [
                                                      Object {
                                                        "color": "#575757",
                                                        "fontSize": 17,
                                                        "paddingRight": 5,
                                                      },
                                                      Object {
                                                        "fontSize": 17,
                                                        "width": 105,
                                                      },
                                                    ]
                                                  }
                                                >
                                                  Amount USD
                                                </Text>
                                                <TextInput
                                                  allowFontScaling={true}
                                                  editable={true}
                                                  keyboardType="numeric"
                                                  placeholder="0.00"
                                                  placeholderTextColor="#575757"
                                                  rejectResponderTermination={true}
                                                  style={
                                                    Object {
                                                      "color": "#000",
                                                      "flex": 1,
                                                      "fontSize": 17,
                                                      "height": 50,
                                                      "paddingLeft": 5,
                                                      "paddingRight": 5,
                                                      "top": 1.5,
                                                    }
                                                  }
                                                  underlineColorAndroid="rgba(0,0,0,0)"
                                                />
                                              </TouchableOpacity>
                                              <TouchableOpacity
                                                activeOpacity={1}
                                                style={
                                                  Object {
                                                    "alignItems": "center",
                                                    "backgroundColor": "transparent",
                                                    "borderBottomWidth": 1,
                                                    "borderColor": "#D9D5DC",
                                                    "borderLeftWidth": 0,
                                                    "borderRadius": undefined,
                                                    "borderRightWidth": 0,
                                                    "borderTopWidth": 0,
                                                    "borderWidth": undefined,
                                                    "flexDirection": "row",
                                                    "marginLeft": 2,
                                                    "marginTop": 16,
                                                  }
                                                }
                                              >
                                                <Text
                                                  style={
                                                    Array [
                                                      Object {
                                                        "color": "#575757",
                                                        "fontSize": 17,
                                                        "paddingRight": 5,
                                                      },
                                                      Object {
                                                        "fontSize": 17,
                                                        "width": 105,
                                                      },
                                                    ]
                                                  }
                                                >
                                                  Payer
                                                </Text>
                                                <TextInput
                                                  allowFontScaling={true}
                                                  editable={true}
                                                  placeholder="For bookkeeping (optional)"
                                                  placeholderTextColor="#575757"
                                                  rejectResponderTermination={true}
                                                  style={
                                                    Object {
                                                      "color": "#000",
                                                      "flex": 1,
                                                      "fontSize": 17,
                                                      "height": 50,
                                                      "paddingLeft": 5,
                                                      "paddingRight": 5,
                                                      "top": 1.5,
                                                    }
                                                  }
                                                  underlineColorAndroid="rgba(0,0,0,0)"
                                                  value=""
                                                />
                                              </TouchableOpacity>
                                              <TouchableOpacity
                                                activeOpacity={1}
                                                style={
                                                  Object {
                                                    "alignItems": "center",
                                                    "backgroundColor": "transparent",
                                                    "borderBottomWidth": 1,
                                                    "borderColor": "#D9D5DC",
                                                    "borderLeftWidth": 0,
                                                    "borderRadius": undefined,
                                                    "borderRightWidth": 0,
                                                    "borderTopWidth": 0,
                                                    "borderWidth": undefined,
                                                    "flexDirection": "row",
                                                    "marginLeft": 2,
                                                    "marginTop": 16,
                                                  }
                                                }
                                              >
                                                <Text
                                                  style={
                                                    Array [
                                                      Object {
                                                        "color": "#575757",
                                                        "fontSize": 17,
                                                        "paddingRight": 5,
                                                      },
                                                      Object {
                                                        "fontSize": 17,
                                                        "width": 105,
                                                      },
                                                    ]
                                                  }
                                                >
                                                  Message
                                                </Text>
                                                <TextInput
                                                  allowFontScaling={true}
                                                  editable={true}
                                                  placeholder="Message to payer (optional)"
                                                  placeholderTextColor="#575757"
                                                  rejectResponderTermination={true}
                                                  style={
                                                    Object {
                                                      "color": "#000",
                                                      "flex": 1,
                                                      "fontSize": 17,
                                                      "height": 50,
                                                      "paddingLeft": 5,
                                                      "paddingRight": 5,
                                                      "top": 1.5,
                                                    }
                                                  }
                                                  testID="input-message"
                                                  underlineColorAndroid="rgba(0,0,0,0)"
                                                  value=""
                                                />
                                              </TouchableOpacity>
                                            </View>
                                            <View
                                              style={
                                                Array [
                                                  Object {},
                                                  Object {
                                                    "marginBottom": 2,
                                                  },
                                                ]
                                              }
                                            >
                                              <View
                                                style={
                                                  Array [
                                                    Object {},
                                                    Object {
                                                      "marginTop": 0,
                                                    },
                                                  ]
                                                }
                                              >
                                                <TouchableOpacity
                                                  activeOpacity={0.5}
                                                  block={true}
                                                  disabled={true}
                                                  primary={true}
                                                  style={
                                                    Object {
                                                      "alignItems": "center",
                                                      "alignSelf": "stretch",
                                                      "backgroundColor": "#b5b5b5",
                                                      "borderBottomWidth": null,
                                                      "borderColor": "#007aff",
                                                      "borderLeftWidth": null,
                                                      "borderRadius": 5,
                                                      "borderRightWidth": null,
                                                      "borderTopWidth": null,
                                                      "borderWidth": undefined,
                                                      "elevation": 2,
                                                      "flexDirection": "row",
                                                      "height": 45,
                                                      "justifyContent": "center",
                                                      "paddingBottom": 6,
                                                      "paddingTop": 6,
                                                      "shadowColor": undefined,
                                                      "shadowOffset": undefined,
                                                      "shadowOpacity": undefined,
                                                      "shadowRadius": undefined,
                                                    }
                                                  }
                                                  testID="create-invoice"
                                                >
                                                  <ActivityIndicator
                                                    animating={true}
                                                    color="#e5eaea"
                                                    hidesWhenStopped={true}
                                                    size="large"
                                                    style={
                                                      Object {
                                                        "height": 80,
                                                      }
                                                    }
                                                  />
                                                </TouchableOpacity>
                                              </View>
                                            </View>
                                          </View>
                                        </View>
                                      </View>
                                    </View>
                                  </View>
                                </View>
                              </View>
                            </View>
                          </View>
                        </View>
                      </View>
                    </View>
                  </View>
                </View>
              </View>
            </View>
          </View>
        </View>
      </View>
    </RNCSafeAreaProvider>
  </View>
</View>
`;
