// Jest Snapshot v1, https://goo.gl/fbAQLP

exports[`renders correctly 1`] = `
<View
  collapsable={true}
  pointerEvents="box-none"
  style={
    Object {
      "flex": 1,
    }
  }
>
  <RNCSafeAreaView
    style={
      Object {
        "flex": 1,
      }
    }
  >
    <View
      collapsable={true}
      removeClippedSubviews={false}
      style={
        Array [
          Object {
            "flex": 1,
            "overflow": "hidden",
          },
          Object {
            "overflow": "hidden",
          },
        ]
      }
    >
      <View
        pointerEvents="box-none"
        style={
          Object {
            "bottom": 0,
            "left": 0,
            "overflow": "hidden",
            "position": "absolute",
            "right": 0,
            "top": 0,
            "transform": Array [
              Object {
                "translateY": 0,
              },
            ],
          }
        }
      >
        <View
          accessibilityElementsHidden={false}
          closing={false}
          gestureVelocityImpact={0.3}
          importantForAccessibility="auto"
          pointerEvents="box-none"
          style={
            Object {
              "bottom": 0,
              "left": 0,
              "position": "absolute",
              "right": 0,
              "top": 0,
            }
          }
          transitionSpec={
            Object {
              "close": Object {
                "animation": "spring",
                "config": Object {
                  "damping": 500,
                  "mass": 3,
                  "overshootClamping": true,
                  "restDisplacementThreshold": 0.01,
                  "restSpeedThreshold": 0.01,
                  "stiffness": 1000,
                },
              },
              "open": Object {
                "animation": "spring",
                "config": Object {
                  "damping": 500,
                  "mass": 3,
                  "overshootClamping": true,
                  "restDisplacementThreshold": 0.01,
                  "restSpeedThreshold": 0.01,
                  "stiffness": 1000,
                },
              },
            }
          }
        >
          <View
            pointerEvents="box-none"
            style={
              Object {
                "flex": 1,
                "marginTop": 64,
              }
            }
          >
            <View
              collapsable={false}
              style={
                Object {
                  "flex": 1,
                  "transform": Array [
                    Object {
                      "translateX": 0,
                    },
                    Object {
                      "translateX": 0,
                    },
                  ],
                }
              }
            >
              <View
                pointerEvents="none"
                style={
                  Object {
                    "backgroundColor": "#fff",
                    "bottom": 0,
                    "left": 0,
                    "position": "absolute",
                    "shadowColor": "#000",
                    "shadowOffset": Object {
                      "height": 1,
                      "width": -1,
                    },
                    "shadowOpacity": 0.3,
                    "shadowRadius": 5,
                    "top": 0,
                    "width": 3,
                  }
                }
              />
              <View
                style={
                  Array [
                    Object {
                      "flex": 1,
                      "overflow": "hidden",
                    },
                    Array [
                      Object {
                        "backgroundColor": "rgb(242, 242, 242)",
                      },
                      undefined,
                    ],
                  ]
                }
              >
                <View
                  style={
                    Object {
                      "flex": 1,
                      "flexDirection": "column-reverse",
                    }
                  }
                >
                  <View
                    style={
                      Object {
                        "flex": 1,
                      }
                    }
                  >
                    <View
                      style={
                        Array [
                          Object {
                            "backgroundColor": "#151314",
                            "flex": 1,
                            "height": "100%",
                            "width": "100%",
                          },
                          Object {},
                          undefined,
                        ]
                      }
                    >
                      <ScrollView
                        automaticallyAdjustContentInsets={false}
                        contentContainerStyle={
                          Array [
                            Object {
                              "padding": undefined,
                            },
                            Array [
                              Object {
                                "padding": 14,
                              },
                              Object {
                                "alignItems": "center",
                                "flex": 1,
                                "justifyContent": "center",
                                "padding": 24,
                                "width": "100%",
                              },
                            ],
                          ]
                        }
                        contentInset={
                          Object {
                            "bottom": 0,
                          }
                        }
                        enableAutomaticScroll={true}
                        enableOnAndroid={false}
                        enableResetScrollToCoords={true}
                        extraHeight={75}
                        extraScrollHeight={0}
                        keyboardDismissMode="interactive"
                        keyboardOpeningTime={250}
                        keyboardShouldPersistTaps="handled"
                        keyboardSpace={0}
                        resetScrollToCoords={
                          Object {
                            "x": 0,
                            "y": 0,
                          }
                        }
                        scrollEventThrottle={1}
                        showsVerticalScrollIndicator={true}
                        style={
                          Object {
                            "backgroundColor": "transparent",
                            "flex": 1,
                          }
                        }
                        viewIsInsideTabBar={false}
                      >
                        <View
                          style={
                            Array [
                              Object {},
                              Object {
                                "height": "100%",
                                "width": "100%",
                              },
                            ]
                          }
                        >
                          <View
                            style={
                              Array [
                                Object {},
                                Object {
                                  "alignContent": "center",
                                  "flexDirection": "column",
                                  "height": 300,
                                  "justifyContent": "center",
                                  "marginTop": 32,
                                },
                              ]
                            }
                          >
                            <TextInput
                              allowFontScaling={true}
                              bordered={false}
                              editable={true}
                              multiline={true}
                              placeholderTextColor="#575757"
                              rejectResponderTermination={true}
                              rowSpan={6}
                              style={
                                Object {
                                  "backgroundColor": "#232323",
                                  "color": "#000",
                                  "fontSize": 20,
                                  "height": 150,
                                  "paddingLeft": 10,
                                  "paddingRight": 5,
                                  "textAlignVertical": "top",
                                  "width": "100%",
                                }
                              }
                              underline={false}
                              underlineColorAndroid="rgba(0,0,0,0)"
                              value=""
                            />
                            <View
                              style={
                                Array [
                                  Object {},
                                  Object {
                                    "display": "flex",
                                    "marginTop": 14,
                                    "width": "100%",
                                  },
                                ]
                              }
                            >
                              <Text
                                style={
                                  Object {
                                    "color": "#000",
                                    "fontSize": 21,
                                    "lineHeight": 22,
                                  }
                                }
                              >
                                Channel backup
                              </Text>
                              <View
                                style={
                                  Array [
                                    Object {},
                                    Object {
                                      "display": "flex",
                                      "flexDirection": "column",
                                    },
                                  ]
                                }
                              >
                                <TouchableOpacity
                                  activeOpacity={0.5}
                                  small={true}
                                  style={
                                    Object {
                                      "alignItems": "center",
                                      "backgroundColor": "#007aff",
                                      "borderBottomWidth": null,
                                      "borderColor": "#007aff",
                                      "borderLeftWidth": null,
                                      "borderRadius": 5,
                                      "borderRightWidth": null,
                                      "borderTopWidth": null,
                                      "borderWidth": undefined,
                                      "elevation": 2,
                                      "flexDirection": "row",
                                      "height": 30,
                                      "justifyContent": "space-between",
                                      "marginBottom": 10,
                                      "marginTop": 6,
                                      "paddingBottom": 6,
                                      "paddingTop": 6,
                                      "shadowColor": undefined,
                                      "shadowOffset": undefined,
                                      "shadowOpacity": undefined,
                                      "shadowRadius": undefined,
                                    }
                                  }
                                >
                                  <Text
                                    style={
                                      Object {
                                        "backgroundColor": "transparent",
                                        "color": "#fff",
                                        "fontFamily": "System",
                                        "fontSize": 14,
                                        "marginLeft": 0,
                                        "marginRight": 0,
                                        "paddingLeft": 16,
                                        "paddingRight": 16,
                                      }
                                    }
                                    uppercase={false}
                                  >
                                    Choose channel backup file on disk
                                  </Text>
                                </TouchableOpacity>
                                <TouchableOpacity
                                  activeOpacity={0.5}
                                  small={true}
                                  style={
                                    Object {
                                      "alignItems": "center",
                                      "backgroundColor": "#007aff",
                                      "borderBottomWidth": null,
                                      "borderColor": "#007aff",
                                      "borderLeftWidth": null,
                                      "borderRadius": 5,
                                      "borderRightWidth": null,
                                      "borderTopWidth": null,
                                      "borderWidth": undefined,
                                      "elevation": 2,
                                      "flexDirection": "row",
                                      "height": 30,
                                      "justifyContent": "space-between",
                                      "paddingBottom": 6,
                                      "paddingTop": 6,
                                      "shadowColor": undefined,
                                      "shadowOffset": undefined,
                                      "shadowOpacity": undefined,
                                      "shadowRadius": undefined,
                                    }
                                  }
                                >
                                  <Text
                                    style={
                                      Object {
                                        "backgroundColor": "transparent",
                                        "color": "#fff",
                                        "fontFamily": "System",
                                        "fontSize": 14,
                                        "marginLeft": 0,
                                        "marginRight": 0,
                                        "paddingLeft": 16,
                                        "paddingRight": 16,
                                      }
                                    }
                                    uppercase={false}
                                  >
                                    Restore via Google Drive
                                  </Text>
                                </TouchableOpacity>
                              </View>
                            </View>
                          </View>
                          <View
                            style={
                              Array [
                                Object {},
                                Object {
                                  "flex": 1,
                                  "marginTop": 24,
                                  "width": "100%",
                                },
                              ]
                            }
                          >
                            <Text
                              style={
                                Array [
                                  Object {
                                    "color": "#000",
                                    "fontSize": 27,
                                    "lineHeight": 32,
                                  },
                                  Object {
                                    "marginBottom": 3,
                                  },
                                ]
                              }
                            >
                              Restore wallet
                            </Text>
                            <Text
                              style={
                                Object {
                                  "color": "#000",
                                  "fontFamily": "System",
                                  "fontSize": 16,
                                }
                              }
                              uppercase={false}
                            >
                              To restore your wallet, write each word from your seed separated by a space.
                              

                              

                              If you wish to restore your Lightning Network channels, you need to provide a file backup.
                            </Text>
                          </View>
                        </View>
                        <View
                          style={
                            Array [
                              Object {},
                              Object {
                                "bottom": 24,
                                "width": "100%",
                              },
                            ]
                          }
                        >
                          <TouchableOpacity
                            activeOpacity={0.5}
                            block={true}
                            disabled={false}
                            style={
                              Object {
                                "alignItems": "center",
                                "alignSelf": "stretch",
                                "backgroundColor": "#007aff",
                                "borderBottomWidth": null,
                                "borderColor": "#007aff",
                                "borderLeftWidth": null,
                                "borderRadius": 5,
                                "borderRightWidth": null,
                                "borderTopWidth": null,
                                "borderWidth": undefined,
                                "elevation": 2,
                                "flexDirection": "row",
                                "height": 45,
                                "justifyContent": "center",
                                "paddingBottom": 6,
                                "paddingTop": 6,
                                "shadowColor": undefined,
                                "shadowOffset": undefined,
                                "shadowOpacity": undefined,
                                "shadowRadius": undefined,
                              }
                            }
                          >
                            <Text
                              style={
                                Object {
                                  "backgroundColor": "transparent",
                                  "color": "#fff",
                                  "fontFamily": "System",
                                  "fontSize": 16.5,
                                  "marginLeft": 0,
                                  "marginRight": 0,
                                  "paddingLeft": 16,
                                  "paddingRight": 16,
                                }
                              }
                              uppercase={false}
                            >
                              Restore Wallet
                            </Text>
                          </TouchableOpacity>
                        </View>
                      </ScrollView>
                    </View>
                  </View>
                </View>
              </View>
            </View>
          </View>
        </View>
      </View>
    </View>
    <View
      pointerEvents="box-none"
      style={
        Object {
          "left": 0,
          "position": "absolute",
          "right": 0,
          "top": 0,
        }
      }
    >
      <View
        accessibilityElementsHidden={false}
        importantForAccessibility="auto"
        pointerEvents="box-none"
        style={
          Object {
            "left": 0,
            "position": "absolute",
            "right": 0,
            "top": 0,
          }
        }
      >
        <View
          pointerEvents="none"
          style={
            Object {
              "bottom": 0,
              "left": 0,
              "opacity": 1,
              "position": "absolute",
              "right": 0,
              "top": 0,
            }
          }
        >
          <View
            style={
              Object {
                "backgroundColor": "#fff",
                "borderBottomColor": "#a7a7aa",
                "flex": 1,
                "shadowColor": "#a7a7aa",
                "shadowOffset": Object {
                  "height": 0.5,
                  "width": 0,
                },
                "shadowOpacity": 0.85,
                "shadowRadius": 0,
              }
            }
          />
        </View>
        <View
          pointerEvents="box-none"
          style={
            Object {
              "height": 64,
              "maxHeight": undefined,
              "minHeight": undefined,
              "opacity": undefined,
              "transform": undefined,
            }
          }
        >
          <View
            pointerEvents="none"
            style={
              Object {
                "height": 20,
              }
            }
          />
          <View
            pointerEvents="box-none"
            style={
              Object {
                "alignItems": "center",
                "flex": 1,
                "flexDirection": "row",
                "justifyContent": "center",
              }
            }
          >
            <View
              pointerEvents="box-none"
              style={
                Object {
                  "marginHorizontal": 18,
                  "opacity": 1,
                }
              }
            >
              <Text
                numberOfLines={1}
                style={
                  Object {
                    "color": "rgba(0, 0, 0, 0.9)",
                    "fontSize": 17,
                    "fontWeight": "600",
                  }
                }
              >
                Receive
              </Text>
            </View>
          </View>
        </View>
      </View>
    </View>
  </RNCSafeAreaView>
</View>
`;
