// Jest Snapshot v1, https://goo.gl/fbAQLP

exports[`SendCamera renders correctly 1`] = `
<View
  style={
    Object {
      "flex": 1,
    }
  }
>
  <RNCSafeAreaProvider
    onInsetsChange={[Function]}
    style={
      Array [
        Object {
          "flex": 1,
        },
        undefined,
      ]
    }
  >
    <View
      pointerEvents="box-none"
      style={
        Array [
          Object {
            "zIndex": 1,
          },
          false,
        ]
      }
    >
      <View
        accessibilityElementsHidden={false}
        importantForAccessibility="auto"
        onLayout={[Function]}
        pointerEvents="box-none"
        style={null}
      >
        <View
          pointerEvents="box-none"
          style={
            Object {
              "bottom": 0,
              "left": 0,
              "opacity": 1,
              "position": "absolute",
              "right": 0,
              "top": 0,
              "zIndex": 0,
            }
          }
        >
          <View
            style={
              Object {
                "backgroundColor": "rgb(255, 255, 255)",
                "borderBottomColor": "rgb(216, 216, 216)",
                "flex": 1,
                "shadowColor": "rgb(216, 216, 216)",
                "shadowOffset": Object {
                  "height": 0.5,
                  "width": 0,
                },
                "shadowOpacity": 0.85,
                "shadowRadius": 0,
              }
            }
          />
        </View>
        <View
          pointerEvents="box-none"
          style={
            Object {
              "height": 64,
              "maxHeight": undefined,
              "minHeight": undefined,
              "opacity": undefined,
              "transform": undefined,
            }
          }
        >
          <View
            pointerEvents="none"
            style={
              Object {
                "height": 20,
              }
            }
          />
          <View
            pointerEvents="box-none"
            style={
              Object {
                "alignItems": "center",
                "flex": 1,
                "flexDirection": "row",
                "justifyContent": "center",
              }
            }
          >
            <View
              pointerEvents="box-none"
              style={
                Object {
                  "marginHorizontal": 16,
                  "opacity": 1,
                }
              }
            >
              <Text
                accessibilityRole="header"
                numberOfLines={1}
                onLayout={[Function]}
                style={
                  Object {
                    "color": "rgb(28, 28, 30)",
                    "fontSize": 17,
                    "fontWeight": "600",
                  }
                }
              >
                SendCamera
              </Text>
            </View>
          </View>
        </View>
      </View>
    </View>
    <View
      onLayout={[Function]}
      style={
        Object {
          "flex": 1,
        }
      }
    >
      <View
        pointerEvents="box-none"
        style={
          Object {
            "bottom": 0,
            "left": 0,
            "position": "absolute",
            "right": 0,
            "top": 0,
          }
        }
      >
        <View
          collapsable={false}
          style={
            Object {
              "opacity": 1,
            }
          }
        />
        <View
          accessibilityElementsHidden={false}
          closing={false}
          gestureVelocityImpact={0.3}
          importantForAccessibility="auto"
          onClose={[Function]}
          onGestureBegin={[Function]}
          onGestureCanceled={[Function]}
          onGestureEnd={[Function]}
          onOpen={[Function]}
          onTransitionStart={[Function]}
          pointerEvents="box-none"
          style={
            Object {
              "bottom": 0,
              "left": 0,
              "position": "absolute",
              "right": 0,
              "top": 0,
            }
          }
          transitionSpec={
            Object {
              "close": Object {
                "animation": "spring",
                "config": Object {
                  "damping": 500,
                  "mass": 3,
                  "overshootClamping": true,
                  "restDisplacementThreshold": 10,
                  "restSpeedThreshold": 10,
                  "stiffness": 1000,
                },
              },
              "open": Object {
                "animation": "spring",
                "config": Object {
                  "damping": 500,
                  "mass": 3,
                  "overshootClamping": true,
                  "restDisplacementThreshold": 10,
                  "restSpeedThreshold": 10,
                  "stiffness": 1000,
                },
              },
            }
          }
        >
          <View
            pointerEvents="box-none"
            style={
              Object {
                "flex": 1,
              }
            }
          >
            <View
              collapsable={false}
              forwardedRef={[Function]}
              onGestureHandlerEvent={[Function]}
              onGestureHandlerStateChange={[Function]}
              style={
                Object {
                  "flex": 1,
                  "transform": Array [
                    Object {
                      "translateX": 0,
                    },
                    Object {
                      "translateX": 0,
                    },
                  ],
                }
              }
            >
              <View
                pointerEvents="none"
                style={
                  Object {
                    "backgroundColor": "rgb(242, 242, 242)",
                    "bottom": 0,
                    "left": 0,
                    "position": "absolute",
                    "shadowColor": "#000",
                    "shadowOffset": Object {
                      "height": 1,
                      "width": -1,
                    },
                    "shadowOpacity": 0.3,
                    "shadowRadius": 5,
                    "top": 0,
                    "width": 3,
                  }
                }
              />
              <View
                style={
                  Array [
                    Object {
                      "flex": 1,
                      "overflow": "hidden",
                    },
                    Array [
                      Object {
                        "backgroundColor": "rgb(242, 242, 242)",
                      },
                      undefined,
                    ],
                  ]
                }
              >
                <View
                  style={
                    Object {
                      "flex": 1,
                      "flexDirection": "column-reverse",
                    }
                  }
                >
                  <View
                    style={
                      Object {
                        "flex": 1,
                      }
                    }
                  >
                    <View
                      style={
                        Object {
                          "bottom": 0,
                          "left": 0,
                          "position": "absolute",
                          "right": 0,
                          "top": 0,
                        }
                      }
                    >
                      <View
                        style={
                          Array [
                            Object {
                              "alignItems": "center",
                              "bottom": 0,
                              "justifyContent": "center",
                              "left": 0,
                              "position": "absolute",
                              "right": 0,
                              "top": 0,
                            },
                          ]
                        }
                      >
                        <View
                          style={
                            Array [
                              Object {
                                "alignItems": "center",
                                "justifyContent": "center",
                              },
                              Object {
                                "height": 275,
                                "width": 275,
                              },
                            ]
                          }
                        >
                          <View
                            style={
                              Array [
                                Object {
                                  "borderColor": "#bc6610",
                                  "height": 20,
                                  "width": 20,
                                },
                                Object {
                                  "left": 0,
                                  "position": "absolute",
                                  "top": 0,
                                },
                                Object {
                                  "borderLeftWidth": 4,
                                  "borderTopWidth": 4,
                                },
                              ]
                            }
                          />
                          <View
                            style={
                              Array [
                                Object {
                                  "borderColor": "#bc6610",
                                  "height": 20,
                                  "width": 20,
                                },
                                Object {
                                  "position": "absolute",
                                  "right": 0,
                                  "top": 0,
                                },
                                Object {
                                  "borderRightWidth": 4,
                                  "borderTopWidth": 4,
                                },
                              ]
                            }
                          />
                          <View
                            style={
                              Array [
                                Object {
                                  "borderColor": "#bc6610",
                                  "height": 20,
                                  "width": 20,
                                },
                                Object {
                                  "bottom": 0,
                                  "left": 0,
                                  "position": "absolute",
                                },
                                Object {
                                  "borderBottomWidth": 4,
                                  "borderLeftWidth": 4,
                                },
                              ]
                            }
                          />
                          <View
                            style={
                              Array [
                                Object {
                                  "borderColor": "#bc6610",
                                  "height": 20,
                                  "width": 20,
                                },
                                Object {
                                  "bottom": 0,
                                  "position": "absolute",
                                  "right": 0,
                                },
                                Object {
                                  "borderBottomWidth": 4,
                                  "borderRightWidth": 4,
                                },
                              ]
                            }
                          />
                        </View>
                        <View
                          style={
                            Object {
                              "alignItems": "center",
                              "height": "100%",
                              "justifyContent": "space-around",
                              "left": 0,
                              "position": "absolute",
                              "top": 0,
                              "width": "100%",
                            }
                          }
                        >
                          <View
                            style={
                              Array [
                                Object {
                                  "width": "100%",
                                },
                                Object {
                                  "backgroundColor": "rgba(0, 0, 0, 0.6)",
                                  "flex": 1,
                                },
                              ]
                            }
                          />
                          <View
                            onLayout={[Function]}
                            style={
                              Array [
                                Object {
                                  "height": 275,
                                },
                                Object {
                                  "display": "flex",
                                  "flexDirection": "row",
                                },
                              ]
                            }
                          >
                            <View
                              style={
                                Array [
                                  Object {
                                    "backgroundColor": "rgba(0, 0, 0, 0.6)",
                                    "flex": 1,
                                  },
                                ]
                              }
                            />
                            <View
                              style={
                                Array [
                                  Object {
                                    "backgroundColor": "transparent",
                                  },
                                  Object {
                                    "height": 275,
                                    "width": 275,
                                  },
                                ]
                              }
                            />
                            <View
                              style={
                                Array [
                                  Object {
                                    "backgroundColor": "rgba(0, 0, 0, 0.6)",
                                    "flex": 1,
                                  },
                                ]
                              }
                            />
                          </View>
                          <View
                            style={
                              Array [
                                Object {
                                  "width": "100%",
                                },
                                Object {
                                  "backgroundColor": "rgba(0, 0, 0, 0.6)",
                                  "flex": 1,
                                },
                              ]
                            }
                          />
                        </View>
                      </View>
                      <Text
                        allowFontScaling={false}
                        onPress={[Function]}
                        style={
                          Array [
                            Object {
                              "color": undefined,
                              "fontSize": 12,
                            },
                            Array [
                              Object {
                                "color": "#000",
                                "fontSize": 30,
                              },
                              Object {
                                "color": "#000",
                                "fontSize": 30,
                              },
                              Object {
                                "bottom": 7,
                                "color": "#e5eaea",
                                "fontSize": 26,
                                "left": 8,
                                "padding": 4,
                                "position": "absolute",
                              },
                            ],
                            Object {
                              "fontFamily": "Ionicons",
                              "fontStyle": "normal",
                              "fontWeight": "normal",
                            },
                            Object {},
                          ]
                        }
                        type="Ionicons"
                      >
                        
                      </Text>
                      <Text
                        allowFontScaling={false}
                        onPress={[Function]}
                        style={
                          Array [
                            Object {
                              "color": undefined,
                              "fontSize": 12,
                            },
                            Array [
                              Object {
                                "color": "#000",
                                "fontSize": 30,
                              },
                              Object {
                                "color": "#000",
                                "fontSize": 30,
                              },
                              Object {
                                "bottom": 8,
                                "color": "#e5eaea",
                                "fontSize": 26,
                                "padding": 4,
                                "position": "absolute",
                                "right": 64,
                              },
                            ],
                            Object {
                              "fontFamily": "Material Design Icons",
                              "fontStyle": "normal",
                              "fontWeight": "normal",
                            },
                            Object {},
                          ]
                        }
                        type="MaterialCommunityIcons"
                      >
                        󰆷
                      </Text>
                      <Text
                        allowFontScaling={false}
                        onPress={[Function]}
                        style={
                          Array [
                            Object {
                              "color": undefined,
                              "fontSize": 12,
                            },
                            Array [
                              Object {
                                "color": "#000",
                                "fontSize": 30,
                              },
                              Object {
                                "color": "#000",
                                "fontSize": 30,
                              },
                              Object {
                                "bottom": 8,
                                "color": "#e5eaea",
                                "fontSize": 26,
                                "padding": 4,
                                "position": "absolute",
                                "right": 8,
                              },
                            ],
                            Object {
                              "fontFamily": "FontAwesome",
                              "fontStyle": "normal",
                              "fontWeight": "normal",
                            },
                            Object {},
                          ]
                        }
                        testID="paste-clipboard"
                        type="FontAwesome"
                      >
                        
                      </Text>
                    </View>
                  </View>
                </View>
              </View>
            </View>
          </View>
        </View>
      </View>
    </View>
  </RNCSafeAreaProvider>
</View>
`;
